// Jest Snapshot v1, https://goo.gl/fbAQLP

exports[`should render expense item with data 1`] = `
<div>
  <Link
    className="link-text"
    replace={false}
    to="/edit/1"
  >
    <h3>
      Gum
    </h3>
  </Link>
  <p>
    <strong>
      $195.00
       
    </strong>
    -
    January 1st, 1970
  </p>
  <button
    onClick={[Function]}
  >
    Remove
  </button>
</div>
`;
